// Jest Snapshot v1, https://goo.gl/fbAQLP

exports[`<ViewCenteredMessage /> renders correctly 1`] = `
<DocumentFragment>
  <div
    class="p-6 h-screen flex justify-center items-center text-center"
  >
    <h1
      class="text-2xl text-neutral-default"
    >
      ViewCenteredMessage
    </h1>
  </div>
</DocumentFragment>
`;
